[09:31:06][pdx_ecs_setup.cpp:19]: Audiovisual DebugMode=false
[09:31:10][state_machine_parse_helpers.h:394]: Global variables should go to 'gfx/shared/state_machines/' from now on. Move them to a file and remove them from 'gfx/animation_state_machines/idle_illustration_animation.animsm:1'
[09:31:40][state_machine_parse_helpers.h:394]: Global variables should go to 'gfx/shared/state_machines/' from now on. Move them to a file and remove them from 'gfx/animation_state_machines/animal_bear_brown.animsm:1'
[09:31:40][state_machine_parse_helpers.h:394]: Global variables should go to 'gfx/shared/state_machines/' from now on. Move them to a file and remove them from 'gfx/animation_state_machines/animal_bear_panda.animsm:1'
[09:31:40][state_machine_parse_helpers.h:394]: Global variables should go to 'gfx/shared/state_machines/' from now on. Move them to a file and remove them from 'gfx/animation_state_machines/animal_bear_polar.animsm:1'
[09:31:40][state_machine_parse_helpers.h:394]: Global variables should go to 'gfx/shared/state_machines/' from now on. Move them to a file and remove them from 'gfx/animation_state_machines/animal_donkey.animsm:1'
[09:31:40][state_machine_parse_helpers.h:394]: Global variables should go to 'gfx/shared/state_machines/' from now on. Move them to a file and remove them from 'gfx/animation_state_machines/animal_penguin.animsm:1'
[09:31:40][state_machine_parse_helpers.h:394]: Global variables should go to 'gfx/shared/state_machines/' from now on. Move them to a file and remove them from 'gfx/animation_state_machines/animal_whale.animsm:1'
[09:31:40][state_machine_parse_helpers.h:394]: Global variables should go to 'gfx/shared/state_machines/' from now on. Move them to a file and remove them from 'gfx/animation_state_machines/animal_wildboar.animsm:1'
[09:31:40][state_machine_parse_helpers.h:394]: Global variables should go to 'gfx/shared/state_machines/' from now on. Move them to a file and remove them from 'gfx/animation_state_machines/decoration_parrot_jungle_a.animsm:1'
[09:31:40][state_machine_parse_helpers.h:394]: Global variables should go to 'gfx/shared/state_machines/' from now on. Move them to a file and remove them from 'gfx/animation_state_machines/idle_illustration_animation.animsm:1'
[09:31:40][state_machine_parse_helpers.h:394]: Global variables should go to 'gfx/shared/state_machines/' from now on. Move them to a file and remove them from 'gfx/animation_state_machines/resource_dolphin.animsm:1'
[09:31:40][state_machine_parse_helpers.h:394]: Global variables should go to 'gfx/shared/state_machines/' from now on. Move them to a file and remove them from 'gfx/animation_state_machines/resource_lion.animsm:1'
[09:31:40][state_machine_parse_helpers.h:394]: Global variables should go to 'gfx/shared/state_machines/' from now on. Move them to a file and remove them from 'gfx/animation_state_machines/resource_lioness.animsm:1'
[09:31:40][state_machine_parse_helpers.h:394]: Global variables should go to 'gfx/shared/state_machines/' from now on. Move them to a file and remove them from 'gfx/animation_state_machines/resource_platypus.animsm:1'
[09:31:40][state_machine_parse_helpers.h:394]: Global variables should go to 'gfx/shared/state_machines/' from now on. Move them to a file and remove them from 'gfx/animation_state_machines/resource_tiger.animsm:1'
[09:31:40][state_machine_parse_helpers.h:394]: Global variables should go to 'gfx/shared/state_machines/' from now on. Move them to a file and remove them from 'gfx/animation_state_machines/resources_turkey.animsm:1'
[09:31:40][state_machine_parse_helpers.h:394]: Global variables should go to 'gfx/shared/state_machines/' from now on. Move them to a file and remove them from 'gfx/animation_state_machines/unit_auxiliary_donkey.animsm:1'
[09:32:09][state_machine_parse_helpers.h:394]: Global variables should go to 'gfx/shared/state_machines/' from now on. Move them to a file and remove them from 'gfx/animation_state_machines/animal_bear_brown.animsm:1'
[09:32:09][state_machine_parse_helpers.h:394]: Global variables should go to 'gfx/shared/state_machines/' from now on. Move them to a file and remove them from 'gfx/animation_state_machines/animal_bear_panda.animsm:1'
[09:32:09][state_machine_parse_helpers.h:394]: Global variables should go to 'gfx/shared/state_machines/' from now on. Move them to a file and remove them from 'gfx/animation_state_machines/animal_bear_polar.animsm:1'
[09:32:09][state_machine_parse_helpers.h:394]: Global variables should go to 'gfx/shared/state_machines/' from now on. Move them to a file and remove them from 'gfx/animation_state_machines/animal_donkey.animsm:1'
[09:32:09][state_machine_parse_helpers.h:394]: Global variables should go to 'gfx/shared/state_machines/' from now on. Move them to a file and remove them from 'gfx/animation_state_machines/animal_penguin.animsm:1'
[09:32:09][state_machine_parse_helpers.h:394]: Global variables should go to 'gfx/shared/state_machines/' from now on. Move them to a file and remove them from 'gfx/animation_state_machines/animal_whale.animsm:1'
[09:32:09][state_machine_parse_helpers.h:394]: Global variables should go to 'gfx/shared/state_machines/' from now on. Move them to a file and remove them from 'gfx/animation_state_machines/animal_wildboar.animsm:1'
[09:32:09][state_machine_parse_helpers.h:394]: Global variables should go to 'gfx/shared/state_machines/' from now on. Move them to a file and remove them from 'gfx/animation_state_machines/decoration_parrot_jungle_a.animsm:1'
[09:32:09][state_machine_parse_helpers.h:394]: Global variables should go to 'gfx/shared/state_machines/' from now on. Move them to a file and remove them from 'gfx/animation_state_machines/idle_illustration_animation.animsm:1'
[09:32:09][state_machine_parse_helpers.h:394]: Global variables should go to 'gfx/shared/state_machines/' from now on. Move them to a file and remove them from 'gfx/animation_state_machines/resource_dolphin.animsm:1'
[09:32:09][state_machine_parse_helpers.h:394]: Global variables should go to 'gfx/shared/state_machines/' from now on. Move them to a file and remove them from 'gfx/animation_state_machines/resource_lion.animsm:1'
[09:32:09][state_machine_parse_helpers.h:394]: Global variables should go to 'gfx/shared/state_machines/' from now on. Move them to a file and remove them from 'gfx/animation_state_machines/resource_lioness.animsm:1'
[09:32:09][state_machine_parse_helpers.h:394]: Global variables should go to 'gfx/shared/state_machines/' from now on. Move them to a file and remove them from 'gfx/animation_state_machines/resource_platypus.animsm:1'
[09:32:09][state_machine_parse_helpers.h:394]: Global variables should go to 'gfx/shared/state_machines/' from now on. Move them to a file and remove them from 'gfx/animation_state_machines/resource_tiger.animsm:1'
[09:32:09][state_machine_parse_helpers.h:394]: Global variables should go to 'gfx/shared/state_machines/' from now on. Move them to a file and remove them from 'gfx/animation_state_machines/resources_turkey.animsm:1'
[09:32:09][state_machine_parse_helpers.h:394]: Global variables should go to 'gfx/shared/state_machines/' from now on. Move them to a file and remove them from 'gfx/animation_state_machines/unit_auxiliary_donkey.animsm:1'
