[09:31:06][contextowner.cpp:330]: Selected Steam networking interface by command-line option.
[09:31:10][session.cpp:911]: Init session
[09:31:10][session.cpp:2859]: SSessionDlcCache: d008_fate_of_the_phoenix
[09:33:22][randomlog.cpp:579]: Resetting randomlog
[09:33:22][jominigamestate.cpp:208]: Creating gamestate
[09:34:00][session.h:582]: Setting execute commands: yes
[09:34:00][session.h:594]: Enabling recorded command replaying
[09:34:00][multiplayer.cpp:184]: Adding local player
[09:34:00][controlcommands.cpp:101]: Constructing (CAddPlayer) host player: Горничная with machine ID: 1
[09:34:00][session.cpp:1394]: Replaying recorded commands: 0
[09:34:00][session.h:588]: Setting record commands: no
[09:34:00][session.cpp:1401]: Notifying callbacks with DoneReplayingCommands
[09:34:00][multiplayer_helper.h:50]: Handling session notification: done replaying commands for machine ID: 1
[09:34:00][ingame_idler_logic.cpp:1752]: Handling session notification: done replaying commands for machine ID: 1

[09:34:00][ingame_interface_idler_gfx.cpp:949]: Handling session notification IdlerGfx: done replaying commands for machine ID: 1

[09:34:00][controlcommands.cpp:112]: CAddPlayer local player: Горничная with machine ID: 1 sender: 1
[09:34:00][controlcommands.cpp:1140]: Setting "done replaying commands" for machine ID: 1, Value true
[09:34:00][controlcommands.cpp:442]: Setting playable: 1868 for machine ID: 1
[09:34:00][controlcommands.cpp:458]: Setting character controller
[09:34:00][ingame_idler_logic.cpp:814]: Local Machine ID: 1
Is Multiplayer: false
Is Multiplayer Host: false
Removing player: false
_Player ID: 1
_Player Is Host: true
_Player Is Observer: false
Old Country: No
New Country: MUN
AllowToModifyGS: true
IsPreparationLobby: false
HostHasStartedGame: false
[09:34:00][controlcommands.cpp:1441]: Setting observer: no for machine ID: 1
[09:34:00][controlcommands.cpp:1094]: Setting "player here" for machine ID: 1, Value: true
[09:34:00][controlcommands.cpp:1140]: Setting "done replaying commands" for machine ID: 1, Value true
[09:34:00][controlcommands.cpp:442]: Setting playable: 1868 for machine ID: 1
[09:34:00][controlcommands.cpp:1441]: Setting observer: no for machine ID: 1
[09:34:00][multiplayeringameinterfacehandler.cpp:59]: Changing from GUI Mode NONE to GAME_NONE
[09:34:04][commanddispatcher.cpp:91]: There's a lot of outgoing commands now (1266). This will affect performance.
[09:34:04][commanddispatcher.cpp:91]: There's a lot of outgoing commands now (4328). This will affect performance.
[09:34:04][commanddispatcher.cpp:91]: There's a lot of outgoing commands now (685). This will affect performance.
[09:34:05][commanddispatcher.cpp:91]: There's a lot of outgoing commands now (1970). This will affect performance.
[09:35:05][session.h:582]: Setting execute commands: no
[09:35:06][session_state_transfer_handler.cpp:180]: Clearing pending save transfers
[09:35:07][jominigamestate.cpp:215]: Destroying gamestate
